word number: 0
word number: 1
word number: 2
word number: 3
deleted: 1
YES
word number: 4
YES
ignored
deleted: 0
YES
deleted: 2
NO
