NO
word number: 0
NO
word number: 1
NO
word number: 2
YES
word number: 3
YES
deleted: 0
YES
deleted: 1
YES
deleted: 2
NO
deleted: 3
NO
ignored
NO
ignored
NO
ignored
ignored
