NO
word number: 0
NO
word number: 1
NO
word number: 2
NO
word number: 3
NO
word number: 4
YES
word number: 5
YES
word number: 6
YES
word number: 7
YES
cleared
NO
