word number: 0
ignored
word number: 1
word number: 2
word number: 3
word number: 4
ignored
ignored
ignored
ignored
