ignored
ignored
ignored
ignored
word number: 0
ignored
ignored
ignored
word number: 1
ignored
ignored
ignored
ignored
word number: 2
word number: 3
ignored
word number: 4
ignored
word number: 5
ignored
ignored
ignored
ignored
ignored
word number: 6
ignored
word number: 7
ignored
ignored
word number: 8
ignored
word number: 9
word number: 10
ignored
ignored
ignored
word number: 11
ignored
ignored
ignored
ignored
ignored
ignored
ignored
word number: 12
ignored
ignored
ignored
ignored
ignored
ignored
ignored
ignored
ignored
ignored
ignored
ignored
ignored
ignored
word number: 13
ignored
ignored
ignored
ignored
ignored
word number: 14
ignored
ignored
ignored
ignored
ignored
word number: 15
ignored
word number: 16
ignored
ignored
ignored
ignored
ignored
ignored
ignored
ignored
ignored
ignored
ignored
ignored
word number: 17
word number: 18
ignored
ignored
ignored
ignored
ignored
ignored
ignored
ignored
ignored
ignored
ignored
ignored
ignored
ignored
ignored
ignored
ignored
ignored
ignored
ignored
ignored
ignored
ignored
ignored
ignored
ignored
ignored
ignored
ignored
ignored
ignored
ignored
ignored
ignored
ignored
ignored
word number: 19
ignored
ignored
ignored
ignored
ignored
ignored
ignored
ignored
ignored
ignored
ignored
ignored
ignored
ignored
ignored
ignored
ignored
ignored
ignored
ignored
ignored
ignored
ignored
ignored
ignored
ignored
ignored
word number: 20
ignored
ignored
ignored
ignored
word number: 21
ignored
ignored
ignored
ignored
ignored
ignored
ignored
ignored
ignored
ignored
word number: 22
ignored
ignored
ignored
ignored
ignored
ignored
ignored
ignored
ignored
ignored
ignored
ignored
ignored
ignored
ignored
ignored
ignored
ignored
ignored
word number: 23
word number: 24
ignored
ignored
ignored
ignored
ignored
ignored
ignored
ignored
ignored
ignored
ignored
ignored
ignored
ignored
ignored
ignored
ignored
word number: 25
ignored
ignored
ignored
ignored
ignored
ignored
ignored
ignored
ignored
ignored
ignored
ignored
ignored
ignored
ignored
ignored
ignored
ignored
ignored
ignored
ignored
ignored
ignored
ignored
ignored
ignored
ignored
ignored
ignored
ignored
ignored
ignored
ignored
ignored
ignored
ignored
ignored
ignored
ignored
ignored
ignored
ignored
ignored
ignored
ignored
ignored
ignored
ignored
ignored
ignored
ignored
ignored
ignored
ignored
ignored
ignored
ignored
ignored
ignored
ignored
ignored
ignored
ignored
ignored
ignored
ignored
ignored
ignored
ignored
ignored
ignored
ignored
ignored
ignored
ignored
ignored
ignored
ignored
ignored
ignored
ignored
ignored
ignored
ignored
ignored
ignored
ignored
ignored
ignored
ignored
ignored
ignored
