word number: 0
word number: 1
word number: 2
word number: 3
word number: 4
word number: 5
word number: 6
ignored
ignored
ignored
ignored
word number: 7
word number: 8
ignored
ignored
word number: 9
