word number: 0
word number: 1
word number: 2
word number: 3
word number: 4
word number: 5
word number: 6
word number: 7
word number: 8
word number: 9
word number: 10
word number: 11
word number: 12
word number: 13
word number: 14
word number: 15
word number: 16
word number: 17
word number: 18
word number: 19
word number: 20
word number: 21
word number: 22
word number: 23
word number: 24
word number: 25
word number: 26
word number: 27
word number: 28
word number: 29
word number: 30
word number: 31
word number: 32
word number: 33
word number: 34
word number: 35
word number: 36
word number: 37
word number: 38
word number: 39
word number: 40
word number: 41
word number: 42
word number: 43
word number: 44
word number: 45
word number: 46
word number: 47
word number: 48
word number: 49
word number: 50
word number: 51
word number: 52
word number: 53
word number: 54
word number: 55
word number: 56
word number: 57
word number: 58
word number: 59
word number: 60
word number: 61
word number: 62
word number: 63
word number: 64
word number: 65
word number: 66
word number: 67
word number: 68
word number: 69
word number: 70
ignored
word number: 71
word number: 72
word number: 73
word number: 74
word number: 75
word number: 76
word number: 77
word number: 78
word number: 79
word number: 80
word number: 81
word number: 82
word number: 83
word number: 84
word number: 85
word number: 86
word number: 87
word number: 88
word number: 89
word number: 90
word number: 91
word number: 92
word number: 93
word number: 94
word number: 95
word number: 96
ignored
word number: 97
word number: 98
word number: 99
word number: 100
word number: 101
word number: 102
word number: 103
word number: 104
word number: 105
word number: 106
ignored
word number: 107
word number: 108
word number: 109
ignored
word number: 110
word number: 111
word number: 112
word number: 113
word number: 114
word number: 115
word number: 116
word number: 117
ignored
word number: 118
word number: 119
word number: 120
word number: 121
word number: 122
word number: 123
ignored
ignored
word number: 124
word number: 125
word number: 126
word number: 127
word number: 128
word number: 129
word number: 130
word number: 131
ignored
word number: 132
word number: 133
word number: 134
ignored
ignored
word number: 135
word number: 136
word number: 137
word number: 138
word number: 139
word number: 140
word number: 141
word number: 142
word number: 143
word number: 144
word number: 145
word number: 146
word number: 147
word number: 148
word number: 149
word number: 150
ignored
word number: 151
word number: 152
word number: 153
ignored
word number: 154
word number: 155
word number: 156
word number: 157
word number: 158
word number: 159
word number: 160
word number: 161
word number: 162
word number: 163
ignored
word number: 164
word number: 165
ignored
word number: 166
word number: 167
word number: 168
word number: 169
word number: 170
word number: 171
word number: 172
word number: 173
word number: 174
word number: 175
word number: 176
word number: 177
word number: 178
word number: 179
word number: 180
word number: 181
ignored
word number: 182
word number: 183
word number: 184
word number: 185
word number: 186
word number: 187
ignored
word number: 188
word number: 189
word number: 190
word number: 191
word number: 192
word number: 193
ignored
ignored
word number: 194
word number: 195
word number: 196
word number: 197
word number: 198
word number: 199
word number: 200
word number: 201
word number: 202
word number: 203
word number: 204
word number: 205
word number: 206
ignored
ignored
word number: 207
ignored
word number: 208
word number: 209
word number: 210
word number: 211
word number: 212
word number: 213
word number: 214
word number: 215
word number: 216
word number: 217
word number: 218
word number: 219
word number: 220
word number: 221
ignored
word number: 222
ignored
word number: 223
word number: 224
word number: 225
word number: 226
word number: 227
ignored
word number: 228
word number: 229
word number: 230
word number: 231
word number: 232
word number: 233
word number: 234
word number: 235
word number: 236
ignored
word number: 237
word number: 238
word number: 239
word number: 240
word number: 241
word number: 242
word number: 243
word number: 244
word number: 245
word number: 246
word number: 247
word number: 248
word number: 249
word number: 250
word number: 251
word number: 252
ignored
word number: 253
word number: 254
word number: 255
ignored
word number: 256
word number: 257
word number: 258
word number: 259
word number: 260
word number: 261
word number: 262
word number: 263
word number: 264
word number: 265
word number: 266
ignored
word number: 267
word number: 268
word number: 269
ignored
word number: 270
word number: 271
word number: 272
word number: 273
word number: 274
word number: 275
word number: 276
ignored
word number: 277
word number: 278
ignored
word number: 279
word number: 280
word number: 281
word number: 282
ignored
ignored
word number: 283
word number: 284
word number: 285
word number: 286
word number: 287
word number: 288
word number: 289
word number: 290
word number: 291
word number: 292
word number: 293
word number: 294
ignored
word number: 295
word number: 296
word number: 297
word number: 298
word number: 299
word number: 300
word number: 301
word number: 302
word number: 303
word number: 304
ignored
word number: 305
word number: 306
word number: 307
word number: 308
word number: 309
word number: 310
ignored
word number: 311
ignored
word number: 312
word number: 313
word number: 314
word number: 315
word number: 316
word number: 317
word number: 318
word number: 319
word number: 320
word number: 321
word number: 322
ignored
word number: 323
word number: 324
word number: 325
word number: 326
word number: 327
ignored
word number: 328
ignored
word number: 329
word number: 330
word number: 331
word number: 332
word number: 333
word number: 334
word number: 335
word number: 336
word number: 337
ignored
word number: 338
word number: 339
word number: 340
word number: 341
word number: 342
word number: 343
word number: 344
ignored
word number: 345
word number: 346
word number: 347
word number: 348
word number: 349
word number: 350
word number: 351
word number: 352
word number: 353
ignored
word number: 354
word number: 355
word number: 356
word number: 357
word number: 358
word number: 359
word number: 360
word number: 361
ignored
word number: 362
ignored
word number: 363
word number: 364
word number: 365
word number: 366
word number: 367
word number: 368
word number: 369
ignored
word number: 370
ignored
word number: 371
word number: 372
word number: 373
word number: 374
word number: 375
word number: 376
word number: 377
word number: 378
word number: 379
word number: 380
word number: 381
word number: 382
ignored
word number: 383
word number: 384
ignored
word number: 385
ignored
ignored
word number: 386
ignored
word number: 387
word number: 388
word number: 389
word number: 390
ignored
word number: 391
word number: 392
word number: 393
word number: 394
word number: 395
word number: 396
word number: 397
word number: 398
word number: 399
word number: 400
ignored
word number: 401
word number: 402
word number: 403
ignored
word number: 404
word number: 405
word number: 406
word number: 407
word number: 408
word number: 409
word number: 410
word number: 411
ignored
word number: 412
word number: 413
word number: 414
word number: 415
word number: 416
ignored
word number: 417
word number: 418
word number: 419
word number: 420
ignored
word number: 421
word number: 422
ignored
word number: 423
word number: 424
word number: 425
word number: 426
word number: 427
word number: 428
word number: 429
word number: 430
ignored
word number: 431
ignored
word number: 432
word number: 433
word number: 434
word number: 435
word number: 436
word number: 437
word number: 438
word number: 439
ignored
word number: 440
word number: 441
word number: 442
ignored
word number: 443
ignored
word number: 444
ignored
word number: 445
word number: 446
ignored
word number: 447
word number: 448
word number: 449
word number: 450
ignored
word number: 451
word number: 452
word number: 453
word number: 454
word number: 455
word number: 456
word number: 457
word number: 458
word number: 459
word number: 460
word number: 461
word number: 462
word number: 463
ignored
word number: 464
word number: 465
word number: 466
word number: 467
word number: 468
word number: 469
word number: 470
word number: 471
ignored
word number: 472
word number: 473
word number: 474
word number: 475
word number: 476
word number: 477
word number: 478
word number: 479
word number: 480
word number: 481
word number: 482
word number: 483
ignored
word number: 484
word number: 485
word number: 486
word number: 487
word number: 488
word number: 489
ignored
word number: 490
word number: 491
word number: 492
word number: 493
ignored
word number: 494
word number: 495
word number: 496
word number: 497
word number: 498
word number: 499
word number: 500
word number: 501
word number: 502
ignored
word number: 503
word number: 504
word number: 505
word number: 506
word number: 507
word number: 508
ignored
word number: 509
word number: 510
ignored
word number: 511
ignored
ignored
word number: 512
word number: 513
word number: 514
ignored
word number: 515
ignored
ignored
ignored
ignored
word number: 516
ignored
word number: 517
word number: 518
word number: 519
word number: 520
ignored
word number: 521
word number: 522
word number: 523
word number: 524
ignored
word number: 525
word number: 526
ignored
word number: 527
word number: 528
word number: 529
word number: 530
ignored
word number: 531
word number: 532
word number: 533
word number: 534
word number: 535
word number: 536
word number: 537
ignored
word number: 538
word number: 539
word number: 540
ignored
word number: 541
ignored
word number: 542
word number: 543
word number: 544
ignored
word number: 545
word number: 546
word number: 547
word number: 548
word number: 549
ignored
ignored
ignored
word number: 550
ignored
ignored
word number: 551
word number: 552
word number: 553
word number: 554
word number: 555
word number: 556
word number: 557
ignored
word number: 558
word number: 559
word number: 560
word number: 561
word number: 562
word number: 563
word number: 564
word number: 565
ignored
word number: 566
word number: 567
word number: 568
word number: 569
word number: 570
word number: 571
ignored
ignored
word number: 572
word number: 573
word number: 574
ignored
word number: 575
word number: 576
word number: 577
word number: 578
word number: 579
word number: 580
word number: 581
word number: 582
word number: 583
ignored
word number: 584
word number: 585
word number: 586
word number: 587
word number: 588
ignored
ignored
word number: 589
word number: 590
ignored
word number: 591
word number: 592
word number: 593
ignored
ignored
word number: 594
word number: 595
word number: 596
ignored
ignored
ignored
word number: 597
word number: 598
word number: 599
word number: 600
word number: 601
word number: 602
word number: 603
word number: 604
ignored
word number: 605
ignored
word number: 606
word number: 607
ignored
word number: 608
ignored
word number: 609
ignored
word number: 610
word number: 611
ignored
word number: 612
word number: 613
word number: 614
word number: 615
ignored
word number: 616
word number: 617
word number: 618
ignored
word number: 619
ignored
word number: 620
ignored
word number: 621
word number: 622
ignored
word number: 623
ignored
word number: 624
word number: 625
word number: 626
ignored
word number: 627
word number: 628
word number: 629
ignored
word number: 630
word number: 631
word number: 632
word number: 633
word number: 634
word number: 635
word number: 636
ignored
word number: 637
word number: 638
word number: 639
ignored
word number: 640
ignored
word number: 641
word number: 642
ignored
word number: 643
ignored
ignored
word number: 644
ignored
word number: 645
word number: 646
word number: 647
ignored
word number: 648
word number: 649
ignored
word number: 650
ignored
word number: 651
ignored
word number: 652
word number: 653
word number: 654
ignored
word number: 655
ignored
ignored
ignored
word number: 656
ignored
word number: 657
word number: 658
word number: 659
word number: 660
word number: 661
word number: 662
word number: 663
word number: 664
ignored
word number: 665
word number: 666
ignored
ignored
ignored
word number: 667
word number: 668
word number: 669
ignored
ignored
ignored
word number: 670
word number: 671
ignored
ignored
word number: 672
word number: 673
word number: 674
word number: 675
ignored
word number: 676
ignored
word number: 677
word number: 678
word number: 679
word number: 680
word number: 681
word number: 682
word number: 683
word number: 684
ignored
ignored
ignored
word number: 685
ignored
ignored
ignored
word number: 686
ignored
word number: 687
word number: 688
ignored
word number: 689
ignored
ignored
word number: 690
word number: 691
ignored
word number: 692
word number: 693
ignored
word number: 694
word number: 695
ignored
ignored
word number: 696
word number: 697
ignored
word number: 698
word number: 699
word number: 700
word number: 701
ignored
word number: 702
word number: 703
word number: 704
ignored
word number: 705
ignored
word number: 706
ignored
word number: 707
word number: 708
ignored
ignored
ignored
word number: 709
ignored
word number: 710
ignored
word number: 711
ignored
ignored
ignored
word number: 712
ignored
word number: 713
ignored
ignored
word number: 714
ignored
ignored
ignored
word number: 715
word number: 716
ignored
word number: 717
word number: 718
word number: 719
ignored
word number: 720
word number: 721
ignored
ignored
ignored
word number: 722
ignored
ignored
word number: 723
word number: 724
ignored
word number: 725
word number: 726
ignored
word number: 727
ignored
ignored
ignored
word number: 728
ignored
ignored
ignored
word number: 729
word number: 730
word number: 731
word number: 732
ignored
word number: 733
ignored
ignored
ignored
ignored
word number: 734
word number: 735
word number: 736
ignored
ignored
word number: 737
word number: 738
word number: 739
ignored
word number: 740
word number: 741
ignored
ignored
word number: 742
word number: 743
ignored
ignored
word number: 744
ignored
word number: 745
ignored
ignored
ignored
word number: 746
word number: 747
word number: 748
ignored
word number: 749
ignored
ignored
word number: 750
ignored
word number: 751
word number: 752
ignored
word number: 753
ignored
word number: 754
ignored
ignored
word number: 755
ignored
ignored
word number: 756
word number: 757
ignored
word number: 758
word number: 759
word number: 760
word number: 761
word number: 762
ignored
word number: 763
word number: 764
word number: 765
word number: 766
word number: 767
word number: 768
word number: 769
ignored
word number: 770
cleared
word number: 0
word number: 1
word number: 2
word number: 3
word number: 4
word number: 5
word number: 6
word number: 7
word number: 8
word number: 9
word number: 10
word number: 11
word number: 12
word number: 13
word number: 14
word number: 15
word number: 16
word number: 17
word number: 18
word number: 19
word number: 20
word number: 21
word number: 22
word number: 23
word number: 24
word number: 25
word number: 26
word number: 27
word number: 28
word number: 29
word number: 30
word number: 31
word number: 32
word number: 33
word number: 34
word number: 35
word number: 36
word number: 37
word number: 38
word number: 39
word number: 40
word number: 41
word number: 42
word number: 43
word number: 44
word number: 45
word number: 46
word number: 47
word number: 48
word number: 49
word number: 50
word number: 51
word number: 52
word number: 53
word number: 54
word number: 55
word number: 56
word number: 57
word number: 58
word number: 59
word number: 60
word number: 61
ignored
word number: 62
word number: 63
word number: 64
word number: 65
word number: 66
word number: 67
word number: 68
word number: 69
word number: 70
word number: 71
ignored
word number: 72
word number: 73
word number: 74
word number: 75
word number: 76
word number: 77
word number: 78
word number: 79
word number: 80
ignored
word number: 81
word number: 82
word number: 83
word number: 84
word number: 85
word number: 86
word number: 87
word number: 88
word number: 89
word number: 90
word number: 91
word number: 92
word number: 93
word number: 94
word number: 95
word number: 96
word number: 97
word number: 98
word number: 99
ignored
word number: 100
word number: 101
word number: 102
word number: 103
word number: 104
word number: 105
word number: 106
word number: 107
word number: 108
word number: 109
word number: 110
word number: 111
word number: 112
ignored
word number: 113
word number: 114
word number: 115
word number: 116
word number: 117
word number: 118
ignored
word number: 119
word number: 120
word number: 121
word number: 122
word number: 123
word number: 124
word number: 125
word number: 126
word number: 127
word number: 128
word number: 129
word number: 130
word number: 131
word number: 132
ignored
ignored
word number: 133
word number: 134
word number: 135
word number: 136
word number: 137
word number: 138
ignored
word number: 139
word number: 140
word number: 141
ignored
word number: 142
word number: 143
word number: 144
word number: 145
word number: 146
word number: 147
ignored
word number: 148
word number: 149
word number: 150
word number: 151
word number: 152
word number: 153
word number: 154
word number: 155
word number: 156
ignored
word number: 157
word number: 158
word number: 159
word number: 160
word number: 161
word number: 162
word number: 163
word number: 164
ignored
word number: 165
word number: 166
word number: 167
word number: 168
ignored
word number: 169
word number: 170
word number: 171
word number: 172
word number: 173
word number: 174
ignored
ignored
word number: 175
word number: 176
word number: 177
word number: 178
word number: 179
word number: 180
word number: 181
word number: 182
word number: 183
word number: 184
ignored
word number: 185
word number: 186
word number: 187
word number: 188
word number: 189
word number: 190
word number: 191
word number: 192
word number: 193
ignored
word number: 194
word number: 195
word number: 196
word number: 197
word number: 198
word number: 199
word number: 200
ignored
word number: 201
word number: 202
word number: 203
word number: 204
word number: 205
word number: 206
word number: 207
ignored
word number: 208
word number: 209
word number: 210
ignored
word number: 211
word number: 212
word number: 213
word number: 214
word number: 215
word number: 216
word number: 217
word number: 218
word number: 219
word number: 220
word number: 221
word number: 222
word number: 223
word number: 224
word number: 225
word number: 226
word number: 227
word number: 228
word number: 229
word number: 230
word number: 231
word number: 232
word number: 233
word number: 234
word number: 235
word number: 236
word number: 237
word number: 238
ignored
word number: 239
word number: 240
word number: 241
word number: 242
word number: 243
word number: 244
word number: 245
word number: 246
word number: 247
word number: 248
ignored
word number: 249
word number: 250
word number: 251
word number: 252
word number: 253
word number: 254
ignored
word number: 255
word number: 256
ignored
word number: 257
ignored
word number: 258
ignored
word number: 259
word number: 260
word number: 261
ignored
word number: 262
word number: 263
word number: 264
word number: 265
word number: 266
word number: 267
word number: 268
word number: 269
word number: 270
word number: 271
word number: 272
word number: 273
word number: 274
word number: 275
ignored
ignored
ignored
word number: 276
word number: 277
word number: 278
word number: 279
word number: 280
word number: 281
word number: 282
word number: 283
word number: 284
word number: 285
word number: 286
word number: 287
word number: 288
word number: 289
word number: 290
word number: 291
word number: 292
word number: 293
word number: 294
word number: 295
ignored
word number: 296
word number: 297
word number: 298
ignored
word number: 299
ignored
word number: 300
ignored
word number: 301
word number: 302
word number: 303
word number: 304
word number: 305
ignored
word number: 306
ignored
word number: 307
word number: 308
ignored
word number: 309
word number: 310
word number: 311
word number: 312
ignored
ignored
word number: 313
word number: 314
word number: 315
word number: 316
ignored
word number: 317
word number: 318
word number: 319
word number: 320
word number: 321
word number: 322
word number: 323
word number: 324
word number: 325
word number: 326
word number: 327
ignored
word number: 328
word number: 329
ignored
word number: 330
word number: 331
word number: 332
word number: 333
word number: 334
word number: 335
ignored
word number: 336
word number: 337
word number: 338
ignored
word number: 339
word number: 340
word number: 341
word number: 342
word number: 343
word number: 344
word number: 345
word number: 346
word number: 347
word number: 348
word number: 349
ignored
word number: 350
word number: 351
word number: 352
word number: 353
word number: 354
word number: 355
ignored
word number: 356
word number: 357
word number: 358
word number: 359
word number: 360
word number: 361
word number: 362
word number: 363
word number: 364
word number: 365
word number: 366
word number: 367
word number: 368
word number: 369
ignored
word number: 370
word number: 371
word number: 372
ignored
word number: 373
word number: 374
word number: 375
word number: 376
word number: 377
ignored
word number: 378
ignored
word number: 379
word number: 380
word number: 381
ignored
word number: 382
ignored
word number: 383
word number: 384
word number: 385
ignored
word number: 386
word number: 387
word number: 388
word number: 389
word number: 390
ignored
word number: 391
ignored
word number: 392
word number: 393
word number: 394
ignored
word number: 395
word number: 396
word number: 397
word number: 398
word number: 399
word number: 400
ignored
word number: 401
word number: 402
word number: 403
ignored
word number: 404
word number: 405
word number: 406
word number: 407
word number: 408
word number: 409
word number: 410
word number: 411
word number: 412
ignored
word number: 413
word number: 414
ignored
ignored
word number: 415
word number: 416
word number: 417
ignored
word number: 418
ignored
word number: 419
ignored
word number: 420
ignored
word number: 421
ignored
ignored
word number: 422
word number: 423
ignored
word number: 424
word number: 425
word number: 426
word number: 427
word number: 428
word number: 429
ignored
word number: 430
ignored
ignored
ignored
ignored
word number: 431
word number: 432
word number: 433
ignored
word number: 434
word number: 435
word number: 436
word number: 437
word number: 438
word number: 439
word number: 440
ignored
word number: 441
word number: 442
word number: 443
word number: 444
word number: 445
ignored
word number: 446
ignored
word number: 447
ignored
word number: 448
word number: 449
word number: 450
word number: 451
ignored
ignored
word number: 452
word number: 453
word number: 454
ignored
word number: 455
word number: 456
word number: 457
ignored
word number: 458
word number: 459
ignored
word number: 460
word number: 461
ignored
word number: 462
word number: 463
word number: 464
word number: 465
word number: 466
ignored
word number: 467
word number: 468
word number: 469
word number: 470
word number: 471
word number: 472
word number: 473
word number: 474
word number: 475
ignored
word number: 476
ignored
word number: 477
word number: 478
word number: 479
ignored
word number: 480
ignored
ignored
word number: 481
word number: 482
word number: 483
word number: 484
word number: 485
word number: 486
word number: 487
word number: 488
word number: 489
word number: 490
ignored
ignored
ignored
word number: 491
word number: 492
word number: 493
word number: 494
word number: 495
word number: 496
word number: 497
word number: 498
word number: 499
word number: 500
word number: 501
word number: 502
word number: 503
word number: 504
word number: 505
ignored
ignored
word number: 506
word number: 507
word number: 508
word number: 509
ignored
ignored
word number: 510
word number: 511
ignored
word number: 512
word number: 513
ignored
word number: 514
ignored
word number: 515
word number: 516
ignored
word number: 517
word number: 518
word number: 519
word number: 520
word number: 521
word number: 522
word number: 523
word number: 524
word number: 525
word number: 526
word number: 527
word number: 528
word number: 529
word number: 530
ignored
word number: 531
word number: 532
ignored
word number: 533
ignored
ignored
ignored
word number: 534
word number: 535
word number: 536
word number: 537
word number: 538
ignored
word number: 539
word number: 540
word number: 541
word number: 542
word number: 543
word number: 544
word number: 545
word number: 546
word number: 547
word number: 548
ignored
ignored
word number: 549
ignored
ignored
ignored
word number: 550
ignored
word number: 551
ignored
ignored
ignored
ignored
word number: 552
word number: 553
word number: 554
ignored
word number: 555
word number: 556
word number: 557
ignored
word number: 558
word number: 559
ignored
word number: 560
word number: 561
ignored
word number: 562
ignored
word number: 563
word number: 564
ignored
word number: 565
ignored
word number: 566
word number: 567
word number: 568
word number: 569
word number: 570
ignored
word number: 571
word number: 572
ignored
word number: 573
word number: 574
ignored
ignored
ignored
word number: 575
word number: 576
word number: 577
ignored
word number: 578
word number: 579
word number: 580
word number: 581
word number: 582
ignored
word number: 583
word number: 584
word number: 585
word number: 586
word number: 587
word number: 588
word number: 589
ignored
word number: 590
word number: 591
word number: 592
word number: 593
ignored
ignored
word number: 594
ignored
ignored
ignored
word number: 595
word number: 596
ignored
word number: 597
word number: 598
word number: 599
word number: 600
word number: 601
word number: 602
ignored
ignored
ignored
word number: 603
ignored
word number: 604
word number: 605
word number: 606
ignored
word number: 607
ignored
word number: 608
word number: 609
ignored
word number: 610
word number: 611
ignored
word number: 612
word number: 613
word number: 614
word number: 615
ignored
word number: 616
word number: 617
word number: 618
ignored
word number: 619
word number: 620
word number: 621
word number: 622
word number: 623
word number: 624
word number: 625
word number: 626
ignored
word number: 627
word number: 628
word number: 629
word number: 630
ignored
word number: 631
word number: 632
word number: 633
ignored
ignored
word number: 634
word number: 635
ignored
word number: 636
ignored
word number: 637
word number: 638
word number: 639
word number: 640
word number: 641
word number: 642
word number: 643
word number: 644
word number: 645
word number: 646
word number: 647
ignored
ignored
word number: 648
word number: 649
word number: 650
word number: 651
word number: 652
ignored
ignored
ignored
word number: 653
word number: 654
ignored
word number: 655
ignored
word number: 656
word number: 657
ignored
ignored
ignored
word number: 658
word number: 659
word number: 660
ignored
ignored
word number: 661
word number: 662
ignored
word number: 663
ignored
word number: 664
word number: 665
word number: 666
word number: 667
ignored
ignored
word number: 668
word number: 669
word number: 670
word number: 671
word number: 672
ignored
word number: 673
ignored
word number: 674
word number: 675
word number: 676
ignored
ignored
word number: 677
word number: 678
word number: 679
word number: 680
word number: 681
word number: 682
word number: 683
ignored
word number: 684
ignored
word number: 685
ignored
word number: 686
ignored
word number: 687
word number: 688
word number: 689
word number: 690
word number: 691
ignored
ignored
word number: 692
word number: 693
ignored
word number: 694
word number: 695
word number: 696
word number: 697
word number: 698
word number: 699
ignored
word number: 700
ignored
ignored
ignored
word number: 701
word number: 702
word number: 703
ignored
ignored
ignored
ignored
word number: 704
word number: 705
word number: 706
word number: 707
ignored
word number: 708
word number: 709
