word number: 0
ignored
word number: 1
YES
NO
ignored
ignored
ignored
ignored
ignored
ignored
ignored
deleted: 0
NO
ignored
ignored
ignored
ignored
ignored
ignored
ignored
ignored
ignored
ignored
ignored
ignored
ignored
ignored
ignored
ignored
ignored
ignored
cleared
ignored
ignored
ignored
ignored
