word number: 0
NO
word number: 1
NO
word number: 2
NO
word number: 3
NO
word number: 4
NO
deleted: 0
deleted: 2
word number: 5
NO
deleted: 4
word number: 6
YES
deleted: 6
NO
