word number: 0
ignored
NO
ignored
word number: 1
ignored
NO
ignored
word number: 2
ignored
NO
ignored
word number: 3
ignored
NO
ignored
word number: 4
ignored
NO
ignored
word number: 5
ignored
NO
ignored
word number: 6
ignored
NO
ignored
word number: 7
ignored
NO
ignored
word number: 8
ignored
NO
ignored
word number: 9
ignored
NO
ignored
word number: 10
ignored
NO
ignored
word number: 11
ignored
NO
ignored
word number: 12
ignored
NO
ignored
word number: 13
ignored
NO
ignored
word number: 14
ignored
NO
ignored
word number: 15
ignored
NO
ignored
word number: 16
ignored
NO
ignored
word number: 17
ignored
NO
ignored
word number: 18
ignored
NO
ignored
word number: 19
word number: 20
NO
ignored
word number: 21
ignored
NO
word number: 22
word number: 23
ignored
NO
ignored
word number: 24
ignored
NO
ignored
word number: 25
ignored
NO
ignored
word number: 26
ignored
NO
ignored
word number: 27
ignored
NO
ignored
word number: 28
ignored
NO
ignored
word number: 29
ignored
NO
ignored
word number: 30
ignored
NO
ignored
word number: 31
ignored
NO
ignored
word number: 32
ignored
NO
ignored
ignored
ignored
NO
word number: 33
word number: 34
ignored
NO
word number: 35
word number: 36
word number: 37
NO
ignored
word number: 38
ignored
NO
ignored
word number: 39
ignored
NO
ignored
word number: 40
ignored
YES
ignored
word number: 41
ignored
NO
ignored
word number: 42
ignored
NO
ignored
word number: 43
word number: 44
NO
ignored
word number: 45
ignored
NO
ignored
word number: 46
ignored
NO
ignored
word number: 47
word number: 48
NO
ignored
word number: 49
ignored
NO
ignored
word number: 50
ignored
YES
ignored
word number: 51
ignored
NO
ignored
word number: 52
ignored
NO
word number: 53
word number: 54
ignored
NO
word number: 55
word number: 56
ignored
NO
ignored
word number: 57
ignored
NO
ignored
word number: 58
ignored
NO
ignored
word number: 59
ignored
NO
ignored
word number: 60
ignored
NO
ignored
word number: 61
ignored
NO
word number: 62
word number: 63
ignored
NO
ignored
word number: 64
ignored
NO
ignored
word number: 65
ignored
NO
ignored
word number: 66
ignored
NO
word number: 67
word number: 68
ignored
NO
ignored
word number: 69
ignored
NO
ignored
word number: 70
ignored
NO
word number: 71
word number: 72
ignored
NO
word number: 73
word number: 74
ignored
NO
ignored
word number: 75
ignored
NO
word number: 76
word number: 77
ignored
YES
ignored
word number: 78
word number: 79
NO
word number: 80
word number: 81
ignored
NO
ignored
word number: 82
ignored
NO
ignored
word number: 83
ignored
NO
ignored
word number: 84
ignored
NO
word number: 85
word number: 86
word number: 87
YES
ignored
word number: 88
ignored
NO
ignored
word number: 89
ignored
NO
ignored
word number: 90
ignored
NO
ignored
word number: 91
ignored
NO
ignored
word number: 92
ignored
NO
ignored
word number: 93
word number: 94
NO
word number: 95
word number: 96
ignored
NO
word number: 97
word number: 98
ignored
NO
ignored
word number: 99
ignored
NO
ignored
word number: 100
ignored
NO
ignored
word number: 101
word number: 102
NO
ignored
word number: 103
ignored
NO
ignored
word number: 104
ignored
YES
ignored
word number: 105
ignored
NO
ignored
deleted: 14
ignored
word number: 106
word number: 107
NO
word number: 108
word number: 109
ignored
NO
word number: 110
word number: 111
ignored
NO
ignored
word number: 112
ignored
NO
ignored
word number: 113
ignored
NO
ignored
word number: 114
word number: 115
NO
ignored
word number: 116
word number: 117
NO
ignored
word number: 118
ignored
NO
word number: 119
word number: 120
ignored
NO
ignored
word number: 121
word number: 122
NO
ignored
word number: 123
word number: 124
NO
word number: 125
word number: 126
ignored
NO
ignored
word number: 127
ignored
NO
ignored
word number: 128
word number: 129
NO
ignored
word number: 130
ignored
NO
ignored
word number: 131
ignored
NO
ignored
word number: 132
word number: 133
NO
ignored
word number: 134
word number: 135
NO
ignored
word number: 136
word number: 137
NO
ignored
word number: 138
word number: 139
NO
ignored
word number: 140
ignored
NO
ignored
word number: 141
word number: 142
YES
ignored
word number: 143
word number: 144
NO
word number: 145
word number: 146
word number: 147
NO
word number: 148
word number: 149
ignored
YES
ignored
word number: 150
ignored
NO
ignored
word number: 151
ignored
NO
word number: 152
word number: 153
ignored
NO
word number: 154
word number: 155
word number: 156
NO
word number: 157
word number: 158
ignored
NO
ignored
word number: 159
word number: 160
NO
word number: 161
word number: 162
ignored
NO
word number: 163
word number: 164
ignored
NO
ignored
word number: 165
word number: 166
NO
ignored
word number: 167
ignored
NO
ignored
word number: 168
ignored
NO
ignored
word number: 169
word number: 170
NO
word number: 171
word number: 172
ignored
NO
word number: 173
word number: 174
word number: 175
NO
ignored
word number: 176
ignored
NO
ignored
word number: 177
ignored
NO
ignored
deleted: 42
ignored
word number: 178
word number: 179
deleted: 8
word number: 180
NO
ignored
word number: 181
word number: 182
NO
ignored
word number: 183
ignored
YES
ignored
word number: 184
word number: 185
NO
word number: 186
word number: 187
ignored
NO
word number: 188
word number: 189
word number: 190
NO
ignored
word number: 191
word number: 192
NO
ignored
word number: 193
ignored
NO
ignored
word number: 194
ignored
YES
word number: 195
word number: 196
ignored
deleted: 13
ignored
NO
word number: 197
word number: 198
ignored
NO
word number: 199
word number: 200
ignored
YES
word number: 201
word number: 202
ignored
NO
ignored
word number: 203
ignored
NO
ignored
word number: 204
ignored
NO
ignored
word number: 205
ignored
NO
word number: 206
word number: 207
ignored
YES
ignored
word number: 208
word number: 209
NO
ignored
word number: 210
ignored
YES
word number: 211
word number: 212
ignored
NO
ignored
deleted: 0
ignored
deleted: 4
word number: 213
deleted: 98
word number: 214
ignored
word number: 215
deleted: 15
word number: 216
word number: 217
ignored
NO
word number: 218
word number: 219
ignored
YES
ignored
word number: 220
word number: 221
NO
ignored
word number: 222
ignored
YES
ignored
word number: 223
ignored
NO
word number: 224
ignored
ignored
word number: 225
ignored
NO
ignored
word number: 226
ignored
NO
ignored
word number: 227
ignored
NO
ignored
word number: 228
ignored
NO
word number: 229
word number: 230
ignored
NO
ignored
word number: 231
word number: 232
NO
ignored
word number: 233
ignored
NO
ignored
word number: 234
ignored
NO
ignored
word number: 235
ignored
NO
word number: 236
word number: 237
ignored
NO
word number: 238
word number: 239
ignored
NO
ignored
word number: 240
ignored
NO
ignored
word number: 241
word number: 242
NO
ignored
word number: 243
ignored
NO
ignored
word number: 244
ignored
NO
word number: 245
word number: 246
ignored
NO
ignored
word number: 247
ignored
NO
ignored
word number: 248
ignored
NO
ignored
word number: 249
word number: 250
NO
word number: 251
word number: 252
ignored
NO
ignored
word number: 253
ignored
NO
ignored
word number: 254
ignored
NO
ignored
word number: 255
ignored
NO
ignored
word number: 256
word number: 257
NO
ignored
word number: 258
ignored
NO
ignored
word number: 259
ignored
NO
ignored
word number: 260
word number: 261
YES
ignored
word number: 262
ignored
YES
word number: 263
word number: 264
word number: 265
NO
ignored
word number: 266
word number: 267
YES
ignored
word number: 268
ignored
NO
word number: 269
word number: 270
word number: 271
NO
word number: 272
word number: 273
ignored
YES
ignored
word number: 274
ignored
NO
ignored
word number: 275
word number: 276
NO
ignored
word number: 277
ignored
YES
ignored
word number: 278
ignored
YES
ignored
word number: 279
word number: 280
YES
ignored
word number: 281
word number: 282
NO
ignored
word number: 283
ignored
NO
word number: 284
word number: 285
ignored
YES
ignored
word number: 286
word number: 287
YES
ignored
deleted: 19
ignored
word number: 288
ignored
NO
word number: 289
word number: 290
ignored
YES
word number: 291
word number: 292
ignored
NO
ignored
word number: 293
ignored
NO
word number: 294
word number: 295
ignored
NO
ignored
word number: 296
word number: 297
YES
ignored
word number: 298
word number: 299
YES
ignored
word number: 300
ignored
YES
ignored
word number: 301
ignored
NO
word number: 302
word number: 303
ignored
NO
ignored
word number: 304
word number: 305
NO
ignored
word number: 306
word number: 307
YES
word number: 308
word number: 309
word number: 310
NO
word number: 311
word number: 312
ignored
NO
ignored
word number: 313
ignored
NO
ignored
word number: 314
ignored
NO
ignored
word number: 315
word number: 316
YES
word number: 317
word number: 318
ignored
NO
ignored
word number: 319
ignored
NO
word number: 320
word number: 321
word number: 322
NO
ignored
word number: 323
word number: 324
NO
ignored
word number: 325
ignored
NO
ignored
word number: 326
ignored
NO
ignored
word number: 327
word number: 328
NO
word number: 329
word number: 330
word number: 331
NO
ignored
word number: 332
word number: 333
NO
ignored
word number: 334
ignored
YES
ignored
word number: 335
ignored
NO
ignored
word number: 336
word number: 337
NO
ignored
word number: 338
ignored
NO
ignored
word number: 339
word number: 340
NO
ignored
word number: 341
word number: 342
NO
ignored
word number: 343
word number: 344
NO
ignored
word number: 345
ignored
NO
word number: 346
word number: 347
ignored
YES
ignored
word number: 348
word number: 349
YES
word number: 350
word number: 351
ignored
YES
ignored
word number: 352
ignored
YES
ignored
word number: 353
ignored
NO
ignored
ignored
ignored
NO
ignored
word number: 354
ignored
YES
ignored
word number: 355
ignored
NO
ignored
word number: 356
ignored
YES
ignored
word number: 357
ignored
NO
ignored
word number: 358
ignored
NO
ignored
word number: 359
ignored
NO
word number: 360
word number: 361
ignored
NO
word number: 362
word number: 363
ignored
NO
ignored
word number: 364
ignored
NO
ignored
word number: 365
ignored
NO
word number: 366
word number: 367
ignored
NO
ignored
word number: 368
ignored
NO
ignored
word number: 369
ignored
NO
ignored
word number: 370
ignored
YES
ignored
word number: 371
ignored
deleted: 142
ignored
YES
ignored
word number: 372
ignored
NO
ignored
word number: 373
word number: 374
NO
ignored
word number: 375
word number: 376
NO
word number: 377
word number: 378
ignored
NO
ignored
word number: 379
ignored
NO
ignored
word number: 380
ignored
NO
ignored
word number: 381
ignored
YES
word number: 382
word number: 383
word number: 384
NO
word number: 385
word number: 386
ignored
YES
ignored
word number: 387
ignored
NO
ignored
word number: 388
ignored
NO
word number: 389
word number: 390
ignored
NO
ignored
word number: 391
ignored
NO
ignored
word number: 392
word number: 393
NO
ignored
word number: 394
ignored
NO
ignored
word number: 395
ignored
NO
ignored
word number: 396
ignored
YES
ignored
word number: 397
ignored
NO
ignored
word number: 398
ignored
NO
ignored
word number: 399
ignored
NO
ignored
word number: 400
ignored
deleted: 82
ignored
YES
ignored
word number: 401
ignored
NO
word number: 402
word number: 403
ignored
YES
word number: 404
word number: 405
ignored
NO
ignored
word number: 406
ignored
YES
ignored
word number: 407
ignored
YES
ignored
word number: 408
ignored
NO
ignored
word number: 409
ignored
NO
ignored
word number: 410
ignored
NO
ignored
word number: 411
ignored
NO
ignored
word number: 412
ignored
NO
ignored
word number: 413
ignored
NO
ignored
word number: 414
ignored
NO
word number: 415
word number: 416
ignored
NO
ignored
word number: 417
word number: 418
NO
word number: 419
word number: 420
ignored
NO
ignored
word number: 421
word number: 422
NO
ignored
word number: 423
word number: 424
NO
ignored
word number: 425
ignored
YES
ignored
word number: 426
ignored
YES
ignored
word number: 427
ignored
NO
ignored
word number: 428
word number: 429
YES
ignored
word number: 430
ignored
YES
ignored
word number: 431
ignored
YES
ignored
word number: 432
word number: 433
NO
ignored
word number: 434
ignored
YES
ignored
word number: 435
ignored
YES
ignored
word number: 436
ignored
YES
ignored
word number: 437
ignored
NO
ignored
word number: 438
ignored
NO
ignored
word number: 439
word number: 440
NO
ignored
word number: 441
ignored
NO
ignored
word number: 442
ignored
NO
ignored
word number: 443
ignored
NO
word number: 444
word number: 445
ignored
NO
ignored
word number: 446
ignored
NO
word number: 447
word number: 448
ignored
NO
ignored
word number: 449
word number: 450
YES
ignored
word number: 451
ignored
NO
word number: 452
word number: 453
ignored
YES
word number: 454
word number: 455
ignored
NO
ignored
word number: 456
ignored
deleted: 50
ignored
YES
ignored
word number: 457
ignored
ignored
ignored
ignored
word number: 458
deleted: 20
ignored
ignored
word number: 459
deleted: 18
ignored
ignored
word number: 460
deleted: 16
ignored
deleted: 17
ignored
NO
word number: 461
word number: 462
ignored
NO
ignored
word number: 463
ignored
YES
ignored
word number: 464
ignored
NO
ignored
word number: 465
ignored
YES
word number: 466
word number: 467
ignored
NO
word number: 468
word number: 469
word number: 470
YES
ignored
word number: 471
word number: 472
YES
ignored
word number: 473
ignored
YES
ignored
word number: 474
word number: 475
NO
word number: 476
word number: 477
word number: 478
YES
word number: 479
word number: 480
ignored
YES
ignored
word number: 481
word number: 482
NO
ignored
word number: 483
word number: 484
YES
ignored
word number: 485
ignored
YES
word number: 486
word number: 487
ignored
YES
ignored
word number: 488
ignored
NO
ignored
word number: 489
ignored
NO
ignored
word number: 490
ignored
YES
ignored
word number: 491
ignored
NO
ignored
word number: 492
ignored
YES
ignored
word number: 493
ignored
YES
ignored
word number: 494
ignored
NO
ignored
word number: 495
ignored
NO
ignored
word number: 496
ignored
YES
word number: 497
word number: 498
ignored
YES
word number: 499
word number: 500
ignored
NO
ignored
word number: 501
ignored
NO
ignored
word number: 502
ignored
YES
ignored
word number: 503
ignored
NO
ignored
word number: 504
ignored
YES
ignored
word number: 505
ignored
NO
word number: 506
word number: 507
word number: 508
NO
ignored
word number: 509
word number: 510
NO
ignored
word number: 511
ignored
NO
ignored
word number: 512
word number: 513
YES
ignored
word number: 514
ignored
NO
ignored
word number: 515
ignored
YES
ignored
word number: 516
ignored
YES
ignored
word number: 517
ignored
NO
ignored
word number: 518
ignored
YES
ignored
word number: 519
ignored
YES
word number: 520
word number: 521
word number: 522
YES
ignored
word number: 523
ignored
YES
ignored
word number: 524
word number: 525
NO
word number: 526
word number: 527
ignored
YES
word number: 528
word number: 529
ignored
NO
ignored
word number: 530
word number: 531
YES
ignored
word number: 532
ignored
NO
ignored
word number: 533
ignored
YES
ignored
word number: 534
word number: 535
YES
word number: 536
word number: 537
ignored
YES
word number: 538
word number: 539
word number: 540
YES
ignored
word number: 541
ignored
NO
ignored
word number: 542
ignored
YES
ignored
word number: 543
ignored
YES
ignored
word number: 544
ignored
NO
word number: 545
word number: 546
word number: 547
NO
ignored
deleted: 200
word number: 548
word number: 549
word number: 550
YES
ignored
word number: 551
ignored
YES
ignored
word number: 552
ignored
YES
ignored
word number: 553
ignored
YES
word number: 554
word number: 555
ignored
NO
ignored
word number: 556
ignored
YES
ignored
word number: 557
ignored
YES
ignored
word number: 558
ignored
YES
ignored
word number: 559
ignored
ignored
ignored
deleted: 1
word number: 560
ignored
ignored
deleted: 2
ignored
deleted: 3
ignored
deleted: 5
ignored
ignored
ignored
YES
ignored
word number: 561
ignored
YES
ignored
ignored
ignored
deleted: 21
ignored
deleted: 34
ignored
deleted: 55
ignored
deleted: 89
ignored
deleted: 144
ignored
deleted: 233
word number: 562
deleted: 377
ignored
ignored
ignored
word number: 563
ignored
YES
ignored
word number: 564
word number: 565
NO
ignored
word number: 566
ignored
YES
ignored
word number: 567
word number: 568
YES
ignored
word number: 569
ignored
NO
ignored
word number: 570
ignored
YES
word number: 571
word number: 572
ignored
YES
ignored
word number: 573
ignored
YES
ignored
word number: 574
ignored
NO
ignored
word number: 575
ignored
YES
word number: 576
word number: 577
ignored
YES
ignored
word number: 578
ignored
NO
ignored
word number: 579
word number: 580
YES
ignored
word number: 581
ignored
NO
word number: 582
word number: 583
ignored
NO
word number: 584
word number: 585
ignored
YES
word number: 586
word number: 587
ignored
NO
ignored
word number: 588
ignored
NO
ignored
word number: 589
ignored
YES
word number: 590
word number: 591
ignored
NO
ignored
word number: 592
ignored
YES
word number: 593
word number: 594
word number: 595
NO
ignored
word number: 596
word number: 597
NO
ignored
word number: 598
ignored
YES
word number: 599
word number: 600
ignored
YES
ignored
word number: 601
word number: 602
NO
ignored
word number: 603
ignored
YES
ignored
word number: 604
ignored
YES
ignored
word number: 605
ignored
YES
ignored
word number: 606
ignored
NO
word number: 607
word number: 608
ignored
YES
ignored
word number: 609
ignored
NO
ignored
word number: 610
ignored
YES
word number: 611
word number: 612
word number: 613
NO
word number: 614
word number: 615
ignored
YES
ignored
word number: 616
ignored
YES
ignored
word number: 617
ignored
NO
word number: 618
word number: 619
ignored
YES
ignored
word number: 620
word number: 621
YES
ignored
word number: 622
ignored
NO
ignored
word number: 623
ignored
YES
ignored
word number: 624
word number: 625
YES
ignored
word number: 626
word number: 627
YES
ignored
word number: 628
word number: 629
NO
word number: 630
word number: 631
ignored
NO
word number: 632
word number: 633
ignored
YES
ignored
word number: 634
ignored
YES
ignored
word number: 635
word number: 636
YES
ignored
word number: 637
ignored
NO
word number: 638
word number: 639
word number: 640
NO
word number: 641
word number: 642
ignored
NO
ignored
word number: 643
ignored
YES
ignored
word number: 644
ignored
ignored
ignored
NO
word number: 645
word number: 646
word number: 647
NO
word number: 648
word number: 649
ignored
YES
word number: 650
word number: 651
ignored
NO
ignored
word number: 652
ignored
YES
ignored
word number: 653
ignored
YES
word number: 654
word number: 655
ignored
NO
ignored
word number: 656
word number: 657
YES
ignored
word number: 658
ignored
NO
ignored
word number: 659
ignored
YES
ignored
word number: 660
ignored
NO
ignored
word number: 661
ignored
YES
ignored
word number: 662
ignored
YES
ignored
word number: 663
word number: 664
NO
ignored
word number: 665
ignored
NO
word number: 666
word number: 667
ignored
NO
ignored
word number: 668
ignored
NO
ignored
word number: 669
ignored
YES
ignored
word number: 670
word number: 671
YES
ignored
word number: 672
ignored
NO
ignored
word number: 673
ignored
YES
ignored
word number: 674
ignored
YES
word number: 675
word number: 676
ignored
YES
ignored
word number: 677
ignored
YES
ignored
word number: 678
ignored
NO
ignored
word number: 679
ignored
NO
word number: 680
word number: 681
ignored
YES
ignored
word number: 682
ignored
NO
ignored
word number: 683
ignored
YES
word number: 684
word number: 685
ignored
YES
ignored
word number: 686
word number: 687
YES
ignored
word number: 688
ignored
NO
ignored
word number: 689
ignored
NO
ignored
word number: 690
ignored
NO
word number: 691
word number: 692
ignored
YES
ignored
word number: 693
ignored
NO
ignored
word number: 694
ignored
YES
ignored
word number: 695
ignored
NO
ignored
word number: 696
word number: 697
NO
ignored
word number: 698
word number: 699
NO
word number: 700
word number: 701
word number: 702
YES
ignored
word number: 703
ignored
NO
ignored
word number: 704
ignored
YES
ignored
ignored
ignored
YES
word number: 705
word number: 706
ignored
YES
ignored
word number: 707
ignored
YES
ignored
word number: 708
word number: 709
NO
ignored
word number: 710
ignored
YES
word number: 711
word number: 712
ignored
YES
word number: 713
word number: 714
ignored
NO
ignored
word number: 715
ignored
YES
ignored
word number: 716
word number: 717
YES
word number: 718
word number: 719
ignored
NO
ignored
word number: 720
ignored
NO
word number: 721
word number: 722
ignored
NO
ignored
word number: 723
ignored
NO
ignored
word number: 724
word number: 725
YES
ignored
word number: 726
ignored
NO
word number: 727
word number: 728
ignored
NO
ignored
word number: 729
ignored
YES
ignored
word number: 730
ignored
YES
ignored
word number: 731
ignored
YES
word number: 732
word number: 733
word number: 734
YES
ignored
word number: 735
ignored
NO
ignored
word number: 736
ignored
NO
ignored
word number: 737
ignored
NO
ignored
word number: 738
word number: 739
YES
ignored
word number: 740
ignored
NO
ignored
word number: 741
word number: 742
YES
ignored
word number: 743
ignored
YES
word number: 744
word number: 745
ignored
YES
ignored
word number: 746
ignored
NO
ignored
word number: 747
word number: 748
YES
word number: 749
word number: 750
word number: 751
NO
ignored
word number: 752
ignored
NO
word number: 753
word number: 754
ignored
YES
ignored
word number: 755
ignored
NO
ignored
word number: 756
word number: 757
YES
ignored
word number: 758
ignored
YES
ignored
word number: 759
word number: 760
YES
ignored
word number: 761
word number: 762
YES
ignored
word number: 763
ignored
YES
ignored
word number: 764
ignored
NO
ignored
word number: 765
ignored
YES
word number: 766
ignored
ignored
ignored
ignored
deleted: 9
word number: 767
ignored
ignored
deleted: 25
ignored
deleted: 36
ignored
deleted: 49
ignored
deleted: 64
ignored
deleted: 81
ignored
deleted: 100
ignored
deleted: 121
ignored
ignored
ignored
deleted: 169
ignored
deleted: 196
ignored
deleted: 225
ignored
deleted: 256
ignored
deleted: 289
word number: 768
deleted: 324
ignored
deleted: 361
ignored
deleted: 400
ignored
deleted: 441
ignored
deleted: 484
ignored
deleted: 529
word number: 769
deleted: 576
word number: 770
deleted: 625
ignored
word number: 771
ignored
YES
word number: 772
word number: 773
ignored
NO
ignored
word number: 774
ignored
YES
ignored
word number: 775
word number: 776
NO
ignored
word number: 777
word number: 778
YES
ignored
word number: 779
word number: 780
YES
ignored
word number: 781
ignored
YES
ignored
word number: 782
ignored
YES
ignored
word number: 783
ignored
NO
word number: 784
word number: 785
ignored
NO
ignored
word number: 786
ignored
YES
word number: 787
word number: 788
word number: 789
YES
ignored
word number: 790
word number: 791
NO
ignored
word number: 792
ignored
NO
word number: 793
word number: 794
ignored
NO
word number: 795
word number: 796
ignored
YES
ignored
word number: 797
ignored
YES
ignored
word number: 798
ignored
YES
ignored
word number: 799
ignored
YES
word number: 800
word number: 801
ignored
YES
word number: 802
word number: 803
ignored
NO
ignored
word number: 804
ignored
NO
word number: 805
word number: 806
ignored
NO
ignored
word number: 807
ignored
YES
word number: 808
word number: 809
word number: 810
YES
ignored
word number: 811
ignored
YES
ignored
word number: 812
ignored
YES
ignored
word number: 813
ignored
YES
ignored
word number: 814
word number: 815
NO
ignored
word number: 816
ignored
YES
ignored
word number: 817
ignored
YES
ignored
word number: 818
ignored
YES
ignored
word number: 819
word number: 820
YES
ignored
word number: 821
ignored
YES
word number: 822
word number: 823
ignored
YES
ignored
word number: 824
ignored
YES
ignored
word number: 825
ignored
YES
word number: 826
word number: 827
ignored
YES
word number: 828
word number: 829
word number: 830
NO
ignored
word number: 831
ignored
YES
ignored
word number: 832
ignored
NO
word number: 833
word number: 834
ignored
YES
ignored
word number: 835
ignored
NO
ignored
word number: 836
ignored
YES
ignored
word number: 837
ignored
NO
ignored
word number: 838
ignored
NO
ignored
word number: 839
word number: 840
YES
ignored
word number: 841
ignored
YES
ignored
word number: 842
ignored
NO
ignored
word number: 843
ignored
YES
word number: 844
word number: 845
ignored
YES
ignored
word number: 846
ignored
YES
ignored
word number: 847
ignored
YES
ignored
word number: 848
ignored
YES
ignored
word number: 849
ignored
NO
ignored
word number: 850
ignored
YES
word number: 851
word number: 852
ignored
NO
ignored
word number: 853
ignored
YES
word number: 854
word number: 855
word number: 856
YES
ignored
word number: 857
ignored
YES
ignored
word number: 858
ignored
YES
ignored
word number: 859
ignored
YES
ignored
word number: 860
word number: 861
YES
ignored
word number: 862
ignored
YES
ignored
word number: 863
ignored
YES
ignored
word number: 864
ignored
NO
ignored
word number: 865
word number: 866
YES
ignored
word number: 867
ignored
YES
word number: 868
word number: 869
word number: 870
YES
word number: 871
word number: 872
word number: 873
YES
ignored
word number: 874
word number: 875
YES
ignored
word number: 876
word number: 877
YES
ignored
word number: 878
ignored
YES
ignored
word number: 879
ignored
YES
word number: 880
word number: 881
ignored
NO
ignored
word number: 882
ignored
YES
ignored
word number: 883
ignored
YES
word number: 884
word number: 885
ignored
YES
ignored
word number: 886
word number: 887
YES
ignored
word number: 888
word number: 889
YES
ignored
word number: 890
ignored
YES
word number: 891
word number: 892
ignored
YES
ignored
word number: 893
ignored
NO
word number: 894
word number: 895
ignored
YES
ignored
word number: 896
word number: 897
YES
word number: 898
word number: 899
ignored
NO
ignored
word number: 900
ignored
YES
ignored
word number: 901
ignored
YES
ignored
word number: 902
word number: 903
YES
ignored
word number: 904
ignored
YES
word number: 905
word number: 906
ignored
YES
ignored
word number: 907
ignored
YES
ignored
word number: 908
ignored
YES
ignored
word number: 909
ignored
YES
ignored
word number: 910
ignored
YES
ignored
word number: 911
ignored
YES
ignored
word number: 912
ignored
YES
word number: 913
word number: 914
ignored
YES
ignored
word number: 915
word number: 916
YES
ignored
word number: 917
ignored
YES
ignored
word number: 918
ignored
YES
ignored
word number: 919
ignored
YES
ignored
word number: 920
ignored
NO
ignored
word number: 921
word number: 922
YES
ignored
word number: 923
ignored
YES
ignored
word number: 924
ignored
YES
ignored
word number: 925
ignored
NO
ignored
word number: 926
word number: 927
NO
ignored
word number: 928
ignored
YES
ignored
word number: 929
ignored
NO
ignored
word number: 930
ignored
YES
ignored
word number: 931
ignored
YES
ignored
word number: 932
word number: 933
NO
ignored
word number: 934
word number: 935
NO
ignored
word number: 936
word number: 937
YES
ignored
word number: 938
ignored
YES
ignored
word number: 939
ignored
YES
ignored
word number: 940
ignored
YES
ignored
word number: 941
ignored
YES
ignored
word number: 942
ignored
YES
ignored
word number: 943
ignored
YES
ignored
word number: 944
ignored
YES
ignored
word number: 945
ignored
NO
ignored
word number: 946
ignored
NO
ignored
word number: 947
ignored
NO
ignored
word number: 948
ignored
YES
ignored
word number: 949
ignored
YES
ignored
word number: 950
ignored
YES
ignored
word number: 951
ignored
NO
ignored
word number: 952
ignored
YES
ignored
word number: 953
word number: 954
YES
ignored
word number: 955
word number: 956
YES
ignored
word number: 957
ignored
YES
ignored
word number: 958
ignored
YES
ignored
word number: 959
word number: 960
YES
ignored
word number: 961
word number: 962
YES
ignored
word number: 963
word number: 964
NO
ignored
word number: 965
ignored
YES
word number: 966
word number: 967
ignored
YES
ignored
word number: 968
ignored
YES
ignored
word number: 969
ignored
YES
ignored
word number: 970
ignored
YES
word number: 971
word number: 972
ignored
YES
word number: 973
word number: 974
ignored
YES
ignored
word number: 975
word number: 976
NO
ignored
word number: 977
word number: 978
YES
ignored
word number: 979
ignored
YES
word number: 980
word number: 981
word number: 982
YES
ignored
word number: 983
ignored
YES
ignored
word number: 984
ignored
YES
ignored
word number: 985
ignored
YES
ignored
word number: 986
ignored
YES
ignored
word number: 987
ignored
YES
ignored
word number: 988
ignored
YES
ignored
word number: 989
ignored
YES
ignored
word number: 990
ignored
YES
ignored
word number: 991
ignored
YES
ignored
word number: 992
ignored
YES
ignored
word number: 993
ignored
NO
ignored
word number: 994
ignored
YES
word number: 995
word number: 996
ignored
YES
word number: 997
word number: 998
ignored
YES
word number: 999
word number: 1000
ignored
NO
ignored
word number: 1001
ignored
YES
ignored
word number: 1002
ignored
YES
ignored
word number: 1003
word number: 1004
YES
ignored
word number: 1005
ignored
YES
ignored
word number: 1006
ignored
YES
ignored
word number: 1007
ignored
YES
ignored
word number: 1008
word number: 1009
YES
ignored
word number: 1010
word number: 1011
NO
word number: 1012
word number: 1013
word number: 1014
YES
ignored
word number: 1015
ignored
YES
ignored
word number: 1016
ignored
YES
word number: 1017
word number: 1018
ignored
YES
ignored
word number: 1019
word number: 1020
YES
ignored
word number: 1021
ignored
YES
word number: 1022
word number: 1023
ignored
YES
ignored
word number: 1024
ignored
YES
ignored
word number: 1025
ignored
YES
ignored
word number: 1026
ignored
YES
word number: 1027
word number: 1028
ignored
YES
ignored
word number: 1029
ignored
YES
word number: 1030
word number: 1031
ignored
YES
ignored
word number: 1032
ignored
YES
ignored
word number: 1033
ignored
YES
ignored
word number: 1034
ignored
YES
word number: 1035
word number: 1036
ignored
NO
ignored
word number: 1037
ignored
YES
ignored
word number: 1038
ignored
YES
ignored
word number: 1039
ignored
YES
ignored
word number: 1040
ignored
YES
ignored
word number: 1041
ignored
YES
ignored
word number: 1042
word number: 1043
YES
ignored
word number: 1044
ignored
YES
ignored
word number: 1045
ignored
YES
word number: 1046
word number: 1047
ignored
YES
ignored
word number: 1048
ignored
YES
ignored
word number: 1049
ignored
YES
ignored
word number: 1050
word number: 1051
YES
ignored
word number: 1052
ignored
YES
ignored
word number: 1053
ignored
YES
ignored
word number: 1054
ignored
YES
ignored
word number: 1055
ignored
NO
ignored
word number: 1056
ignored
YES
ignored
word number: 1057
ignored
NO
ignored
