word number: 0
word number: 1
word number: 2
deleted: 1
deleted: 2
deleted: 0
