word number: 0
word number: 1
word number: 2
word number: 3
ignored
